---
source: components/rendering/tests/markdown.rs
assertion_line: 149
expression: body

---
<p><a rel="noopener" target="_blank" href="https://google.com">https://google.com</a></p>

