---
source: components/rendering/tests/markdown.rs
assertion_line: 108
expression: body

---
<h1 id="hello">Hello<a class="zola-anchor" href="#hello" aria-label="Anchor link for: hello">ğŸ”—</a></h1>
<h1 id="world">World<a class="zola-anchor" href="#world" aria-label="Anchor link for: world">ğŸ”—</a></h1>
<h1 id="hello-1">Hello!<a class="zola-anchor" href="#hello-1" aria-label="Anchor link for: hello-1">ğŸ”—</a></h1>
<h2 id="rust"><a href="https://rust-lang.org">Rust</a><a class="zola-anchor" href="#rust" aria-label="Anchor link for: rust">ğŸ”—</a></h2>
<h1 id="hello-2">Hello*_()<a class="zola-anchor" href="#hello-2" aria-label="Anchor link for: hello-2">ğŸ”—</a></h1>

