---
source: components/rendering/tests/markdown.rs
assertion_line: 105
expression: body

---
<h1 id="hello"><a class="zola-anchor" href="#hello" aria-label="Anchor link for: hello">ğŸ”—</a>Hello</h1>
<h1 id="world"><a class="zola-anchor" href="#world" aria-label="Anchor link for: world">ğŸ”—</a>World</h1>
<h1 id="hello-1"><a class="zola-anchor" href="#hello-1" aria-label="Anchor link for: hello-1">ğŸ”—</a>Hello!</h1>
<h2 id="rust"><a class="zola-anchor" href="#rust" aria-label="Anchor link for: rust">ğŸ”—</a><a href="https://rust-lang.org">Rust</a></h2>
<h1 id="hello-2"><a class="zola-anchor" href="#hello-2" aria-label="Anchor link for: hello-2">ğŸ”—</a>Hello*_()</h1>

