---
source: components/rendering/tests/shortcodes.rs
assertion_line: 92
expression: body

---
<quote>This is a quote</quote><quote>This is a quote</quote>
<p>Here is another paragraph.</p>

