---
source: components/rendering/tests/shortcodes.rs
assertion_line: 75
expression: body

---
<p>hello in en</p>

